// Jest Snapshot v1, https://goo.gl/fbAQLP

exports[`HomePage renders correctly 1`] = `
<div
  className="page"
>
  <h1>
    Hello!
  </h1>
</div>
`;
